Archive member included to satisfy reference by file (symbol)

c:/st/stm32cubeide_1.8.0/stm32cubeide/plugins/com.st.stm32cube.ide.mcu.externaltools.gnu-tools-for-stm32.9-2020-q2-update.win32_2.0.0.202105311346/tools/bin/../lib/gcc/arm-none-eabi/9.3.1/../../../../arm-none-eabi/lib/thumb/v7e-m+fp/hard\libc_nano.a(lib_a-errno.o)
                              ./Core/Src/syscalls.o (__errno)
c:/st/stm32cubeide_1.8.0/stm32cubeide/plugins/com.st.stm32cube.ide.mcu.externaltools.gnu-tools-for-stm32.9-2020-q2-update.win32_2.0.0.202105311346/tools/bin/../lib/gcc/arm-none-eabi/9.3.1/../../../../arm-none-eabi/lib/thumb/v7e-m+fp/hard\libc_nano.a(lib_a-exit.o)
                              c:/st/stm32cubeide_1.8.0/stm32cubeide/plugins/com.st.stm32cube.ide.mcu.externaltools.gnu-tools-for-stm32.9-2020-q2-update.win32_2.0.0.202105311346/tools/bin/../lib/gcc/arm-none-eabi/9.3.1/../../../../arm-none-eabi/lib/thumb/v7e-m+fp/hard/crt0.o (exit)
c:/st/stm32cubeide_1.8.0/stm32cubeide/plugins/com.st.stm32cube.ide.mcu.externaltools.gnu-tools-for-stm32.9-2020-q2-update.win32_2.0.0.202105311346/tools/bin/../lib/gcc/arm-none-eabi/9.3.1/../../../../arm-none-eabi/lib/thumb/v7e-m+fp/hard\libc_nano.a(lib_a-impure.o)
                              c:/st/stm32cubeide_1.8.0/stm32cubeide/plugins/com.st.stm32cube.ide.mcu.externaltools.gnu-tools-for-stm32.9-2020-q2-update.win32_2.0.0.202105311346/tools/bin/../lib/gcc/arm-none-eabi/9.3.1/../../../../arm-none-eabi/lib/thumb/v7e-m+fp/hard\libc_nano.a(lib_a-exit.o) (_global_impure_ptr)
c:/st/stm32cubeide_1.8.0/stm32cubeide/plugins/com.st.stm32cube.ide.mcu.externaltools.gnu-tools-for-stm32.9-2020-q2-update.win32_2.0.0.202105311346/tools/bin/../lib/gcc/arm-none-eabi/9.3.1/../../../../arm-none-eabi/lib/thumb/v7e-m+fp/hard\libc_nano.a(lib_a-init.o)
                              c:/st/stm32cubeide_1.8.0/stm32cubeide/plugins/com.st.stm32cube.ide.mcu.externaltools.gnu-tools-for-stm32.9-2020-q2-update.win32_2.0.0.202105311346/tools/bin/../lib/gcc/arm-none-eabi/9.3.1/../../../../arm-none-eabi/lib/thumb/v7e-m+fp/hard/crt0.o (__libc_init_array)
c:/st/stm32cubeide_1.8.0/stm32cubeide/plugins/com.st.stm32cube.ide.mcu.externaltools.gnu-tools-for-stm32.9-2020-q2-update.win32_2.0.0.202105311346/tools/bin/../lib/gcc/arm-none-eabi/9.3.1/../../../../arm-none-eabi/lib/thumb/v7e-m+fp/hard\libc_nano.a(lib_a-memset.o)
                              c:/st/stm32cubeide_1.8.0/stm32cubeide/plugins/com.st.stm32cube.ide.mcu.externaltools.gnu-tools-for-stm32.9-2020-q2-update.win32_2.0.0.202105311346/tools/bin/../lib/gcc/arm-none-eabi/9.3.1/../../../../arm-none-eabi/lib/thumb/v7e-m+fp/hard/crt0.o (memset)
c:/st/stm32cubeide_1.8.0/stm32cubeide/plugins/com.st.stm32cube.ide.mcu.externaltools.gnu-tools-for-stm32.9-2020-q2-update.win32_2.0.0.202105311346/tools/bin/../lib/gcc/arm-none-eabi/9.3.1/thumb/v7e-m+fp/hard\libgcc.a(_aeabi_uldivmod.o)
                              ./Drivers/STM32F4xx_HAL_Driver/Src/stm32f4xx_hal_rcc.o (__aeabi_uldivmod)
c:/st/stm32cubeide_1.8.0/stm32cubeide/plugins/com.st.stm32cube.ide.mcu.externaltools.gnu-tools-for-stm32.9-2020-q2-update.win32_2.0.0.202105311346/tools/bin/../lib/gcc/arm-none-eabi/9.3.1/thumb/v7e-m+fp/hard\libgcc.a(_udivmoddi4.o)
                              c:/st/stm32cubeide_1.8.0/stm32cubeide/plugins/com.st.stm32cube.ide.mcu.externaltools.gnu-tools-for-stm32.9-2020-q2-update.win32_2.0.0.202105311346/tools/bin/../lib/gcc/arm-none-eabi/9.3.1/thumb/v7e-m+fp/hard\libgcc.a(_aeabi_uldivmod.o) (__udivmoddi4)
c:/st/stm32cubeide_1.8.0/stm32cubeide/plugins/com.st.stm32cube.ide.mcu.externaltools.gnu-tools-for-stm32.9-2020-q2-update.win32_2.0.0.202105311346/tools/bin/../lib/gcc/arm-none-eabi/9.3.1/thumb/v7e-m+fp/hard\libgcc.a(_dvmd_tls.o)
                              c:/st/stm32cubeide_1.8.0/stm32cubeide/plugins/com.st.stm32cube.ide.mcu.externaltools.gnu-tools-for-stm32.9-2020-q2-update.win32_2.0.0.202105311346/tools/bin/../lib/gcc/arm-none-eabi/9.3.1/thumb/v7e-m+fp/hard\libgcc.a(_aeabi_uldivmod.o) (__aeabi_ldiv0)

Allocating common symbols
Common symbol       size              file

duty_cycle_1        0x4               ./Core/Src/main.o
pax_1               0x4               ./Core/Src/main.o
htim4               0x48              ./Core/Src/main.o
ly_2                0x4               ./Core/Src/main.o
ry_2                0x4               ./Core/Src/main.o
ry_1                0x4               ./Core/Src/main.o
pbx_2               0x4               ./Core/Src/main.o
uwTick              0x4               ./Drivers/STM32F4xx_HAL_Driver/Src/stm32f4xx_hal.o
pFlash              0x20              ./Drivers/STM32F4xx_HAL_Driver/Src/stm32f4xx_hal_flash.o
rx_2                0x4               ./Core/Src/main.o
pay_2               0x4               ./Core/Src/main.o
htim3               0x48              ./Core/Src/main.o
duty_cycle_2        0x4               ./Core/Src/main.o
pby_1               0x4               ./Core/Src/main.o
senal_mono          0x4               ./Core/Src/main.o
[...]
Memory Configuration

Name             Origin             Length             Attributes
CCMRAM           0x0000000010000000 0x0000000000010000 xrw
RAM              0x0000000020000000 0x0000000000020000 xrw
FLASH            0x0000000008000000 0x0000000000100000 xr
*default*        0x0000000000000000 0xffffffffffffffff

Linker script and memory map

LOAD c:/st/stm32cubeide_1.8.0/stm32cubeide/plugins/com.st.stm32cube.ide.mcu.externaltools.gnu-tools-for-stm32.9-2020-q2-update.win32_2.0.0.202105311346/tools/bin/../lib/gcc/arm-none-eabi/9.3.1/thumb/v7e-m+fp/hard/crti.o
LOAD c:/st/stm32cubeide_1.8.0/stm32cubeide/plugins/com.st.stm32cube.ide.mcu.externaltools.gnu-tools-for-stm32.9-2020-q2-update.win32_2.0.0.202105311346/tools/bin/../lib/gcc/arm-none-eabi/9.3.1/thumb/v7e-m+fp/hard/crtbegin.o
LOAD c:/st/stm32cubeide_1.8.0/stm32cubeide/plugins/com.st.stm32cube.ide.mcu.externaltools.gnu-tools-for-stm32.9-2020-q2-update.win32_2.0.0.202105311346/tools/bin/../lib/gcc/arm-none-eabi/9.3.1/../../../../arm-none-eabi/lib/thumb/v7e-m+fp/hard/crt0.o
LOAD ./Core/Src/main.o
LOAD ./Core/Src/stm32f4xx_hal_msp.o
LOAD ./Core/Src/stm32f4xx_it.o
LOAD ./Core/Src/syscalls.o
LOAD ./Core/Src/sysmem.o
LOAD ./Core/Src/system_stm32f4xx.o
LOAD ./Core/Startup/startup_stm32f407vgtx.o
LOAD ./Drivers/STM32F4xx_HAL_Driver/Src/stm32f4xx_hal.o
LOAD ./Drivers/STM32F4xx_HAL_Driver/Src/stm32f4xx_hal_adc.o
LOAD ./Drivers/STM32F4xx_HAL_Driver/Src/stm32f4xx_hal_adc_ex.o
LOAD ./Drivers/STM32F4xx_HAL_Driver/Src/stm32f4xx_hal_cortex.o
LOAD ./Drivers/STM32F4xx_HAL_Driver/Src/stm32f4xx_hal_dac.o
LOAD ./Drivers/STM32F4xx_HAL_Driver/Src/stm32f4xx_hal_dac_ex.o
LOAD ./Drivers/STM32F4xx_HAL_Driver/Src/stm32f4xx_hal_dma.o
LOAD ./Drivers/STM32F4xx_HAL_Driver/Src/stm32f4xx_hal_dma_ex.o
LOAD ./Drivers/STM32F4xx_HAL_Driver/Src/stm32f4xx_hal_exti.o
LOAD ./Drivers/STM32F4xx_HAL_Driver/Src/stm32f4xx_hal_flash.o
LOAD ./Drivers/STM32F4xx_HAL_Driver/Src/stm32f4xx_hal_flash_ex.o
LOAD ./Drivers/STM32F4xx_HAL_Driver/Src/stm32f4xx_hal_flash_ramfunc.o
LOAD ./Drivers/STM32F4xx_HAL_Driver/Src/stm32f4xx_hal_gpio.o
LOAD ./Drivers/STM32F4xx_HAL_Driver/Src/stm32f4xx_hal_pwr.o
LOAD ./Drivers/STM32F4xx_HAL_Driver/Src/stm32f4xx_hal_pwr_ex.o
LOAD ./Drivers/STM32F4xx_HAL_Driver/Src/stm32f4xx_hal_rcc.o
LOAD ./Drivers/STM32F4xx_HAL_Driver/Src/stm32f4xx_hal_rcc_ex.o
LOAD ./Drivers/STM32F4xx_HAL_Driver/Src/stm32f4xx_hal_tim.o
LOAD ./Drivers/STM32F4xx_HAL_Driver/Src/stm32f4xx_hal_tim_ex.o
LOAD ./Drivers/STM32F4xx_HAL_Driver/Src/stm32f4xx_ll_adc.o
START GROUP
LOAD c:/st/stm32cubeide_1.8.0/stm32cubeide/plugins/com.st.stm32cube.ide.mcu.externaltools.gnu-tools-for-stm32.9-2020-q2-update.win32_2.0.0.202105311346/tools/bin/../lib/gcc/arm-none-eabi/9.3.1/../../../../arm-none-eabi/lib/thumb/v7e-m+fp/hard\libc_nano.a
LOAD c:/st/stm32cubeide_1.8.0/stm32cubeide/plugins/com.st.stm32cube.ide.mcu.externaltools.gnu-tools-for-stm32.9-2020-q2-update.win32_2.0.0.202105311346/tools/bin/../lib/gcc/arm-none-eabi/9.3.1/../../../../arm-none-eabi/lib/thumb/v7e-m+fp/hard\libm.a
END GROUP
START GROUP
LOAD c:/st/stm32cubeide_1.8.0/stm32cubeide/plugins/com.st.stm32cube.ide.mcu.externaltools.gnu-tools-for-stm32.9-2020-q2-update.win32_2.0.0.202105311346/tools/bin/../lib/gcc/arm-none-eabi/9.3.1/thumb/v7e-m+fp/hard\libgcc.a
LOAD c:/st/stm32cubeide_1.8.0/stm32cubeide/plugins/com.st.stm32cube.ide.mcu.externaltools.gnu-tools-for-stm32.9-2020-q2-update.win32_2.0.0.202105311346/tools/bin/../lib/gcc/arm-none-eabi/9.3.1/../../../../arm-none-eabi/lib/thumb/v7e-m+fp/hard\libc_nano.a
END GROUP
START GROUP
LOAD c:/st/stm32cubeide_1.8.0/stm32cubeide/plugins/com.st.stm32cube.ide.mcu.externaltools.gnu-tools-for-stm32.9-2020-q2-update.win32_2.0.0.202105311346/tools/bin/../lib/gcc/arm-none-eabi/9.3.1/thumb/v7e-m+fp/hard\libgcc.a
LOAD c:/st/stm32cubeide_1.8.0/stm32cubeide/plugins/com.st.stm32cube.ide.mcu.externaltools.gnu-tools-for-stm32.9-2020-q2-update.win32_2.0.0.202105311346/tools/bin/../lib/gcc/arm-none-eabi/9.3.1/../../../../arm-none-eabi/lib/thumb/v7e-m+fp/hard\libc_nano.a
LOAD c:/st/stm32cubeide_1.8.0/stm32cubeide/plugins/com.st.stm32cube.ide.mcu.externaltools.gnu-tools-for-stm32.9-2020-q2-update.win32_2.0.0.202105311346/tools/bin/../lib/gcc/arm-none-eabi/9.3.1/../../../../arm-none-eabi/lib/thumb/v7e-m+fp/hard\libnosys.a
END GROUP
START GROUP
LOAD c:/st/stm32cubeide_1.8.0/stm32cubeide/plugins/com.st.stm32cube.ide.mcu.externaltools.gnu-tools-for-stm32.9-2020-q2-update.win32_2.0.0.202105311346/tools/bin/../lib/gcc/arm-none-eabi/9.3.1/thumb/v7e-m+fp/hard\libgcc.a
LOAD c:/st/stm32cubeide_1.8.0/stm32cubeide/plugins/com.st.stm32cube.ide.mcu.externaltools.gnu-tools-for-stm32.9-2020-q2-update.win32_2.0.0.202105311346/tools/bin/../lib/gcc/arm-none-eabi/9.3.1/../../../../arm-none-eabi/lib/thumb/v7e-m+fp/hard\libc_nano.a
LOAD c:/st/stm32cubeide_1.8.0/stm32cubeide/plugins/com.st.stm32cube.ide.mcu.externaltools.gnu-tools-for-stm32.9-2020-q2-update.win32_2.0.0.202105311346/tools/bin/../lib/gcc/arm-none-eabi/9.3.1/../../../../arm-none-eabi/lib/thumb/v7e-m+fp/hard\libnosys.a
END GROUP
LOAD c:/st/stm32cubeide_1.8.0/stm32cubeide/plugins/com.st.stm32cube.ide.mcu.externaltools.gnu-tools-for-stm32.9-2020-q2-update.win32_2.0.0.202105311346/tools/bin/../lib/gcc/arm-none-eabi/9.3.1/thumb/v7e-m+fp/hard/crtend.o
LOAD c:/st/stm32cubeide_1.8.0/stm32cubeide/plugins/com.st.stm32cube.ide.mcu.externaltools.gnu-tools-for-stm32.9-2020-q2-update.win32_2.0.0.202105311346/tools/bin/../lib/gcc/arm-none-eabi/9.3.1/thumb/v7e-m+fp/hard/crtn.o
                0x0000000020020000                _estack = (ORIGIN (RAM) + LENGTH (RAM))
                0x0000000000000200                _Min_Heap_Size = 0x200
                0x0000000000000400                _Min_Stack_Size = 0x400

.isr_vector     0x0000000008000000      0x188
                0x0000000008000000                . = ALIGN (0x4)
 *(.isr_vector)
 .isr_vector    0x0000000008000000      0x188 ./Core/Startup/startup_stm32f407vgtx.o
                0x0000000008000000                g_pfnVectors
                0x0000000008000188                . = ALIGN (0x4)

.text           0x0000000008000188     0x3f24
                0x0000000008000188                . = ALIGN (0x4)
 *(.text)
 .text          0x0000000008000188       0x40 c:/st/stm32cubeide_1.8.0/stm32cubeide/plugins/com.st.stm32cube.ide.mcu.externaltools.gnu-tools-for-stm32.9-2020-q2-update.win32_2.0.0.202105311346/tools/bin/../lib/gcc/arm-none-eabi/9.3.1/thumb/v7e-m+fp/hard/crtbegin.o
 .text          0x00000000080001c8       0x30 c:/st/stm32cubeide_1.8.0/stm32cubeide/plugins/com.st.stm32cube.ide.mcu.externaltools.gnu-tools-for-stm32.9-2020-q2-update.win32_2.0.0.202105311346/tools/bin/../lib/gcc/arm-none-eabi/9.3.1/thumb/v7e-m+fp/hard\libgcc.a(_aeabi_uldivmod.o)
                0x00000000080001c8                __aeabi_uldivmod
 .text          0x00000000080001f8      0x2c4 c:/st/stm32cubeide_1.8.0/stm32cubeide/plugins/com.st.stm32cube.ide.mcu.externaltools.gnu-tools-for-stm32.9-2020-q2-update.win32_2.0.0.202105311346/tools/bin/../lib/gcc/arm-none-eabi/9.3.1/thumb/v7e-m+fp/hard\libgcc.a(_udivmoddi4.o)
                0x00000000080001f8                __udivmoddi4
 .text          0x00000000080004bc        0x4 c:/st/stm32cubeide_1.8.0/stm32cubeide/plugins/com.st.stm32cube.ide.mcu.externaltools.gnu-tools-for-stm32.9-2020-q2-update.win32_2.0.0.202105311346/tools/bin/../lib/gcc/arm-none-eabi/9.3.1/thumb/v7e-m+fp/hard\libgcc.a(_dvmd_tls.o)
                0x00000000080004bc                __aeabi_idiv0
                0x00000000080004bc                __aeabi_ldiv0
 *(.text*)
 .text.filtro_l
                0x00000000080004c0       0xc4 ./Core/Src/main.o
                0x00000000080004c0                filtro_l
 .text.filtro_r
                0x0000000008000584       0xd0 ./Core/Src/main.o
                0x0000000008000584                filtro_r
 .text.filtro_pb
                0x0000000008000654       0xd0 ./Core/Src/main.o
                0x0000000008000654                filtro_pb
 .text.filtro_pa
                0x0000000008000724       0xd0 ./Core/Src/main.o
                0x0000000008000724                filtro_pa
 .text.main     0x00000000080007f4       0x74 ./Core/Src/main.o
                0x00000000080007f4                main
 .text.SystemClock_Config
                0x0000000008000868       0xd4 ./Core/Src/main.o
                0x0000000008000868                SystemClock_Config
 .text.MX_ADC1_Init
                0x000000000800093c       0xc4 ./Core/Src/main.o
 .text.MX_DAC_Init
                0x0000000008000a00       0x68 ./Core/Src/main.o
 .text.MX_TIM2_Init
                0x0000000008000a68       0x98 ./Core/Src/main.o
 .text.MX_TIM3_Init
                0x0000000008000b00       0xec ./Core/Src/main.o
 .text.MX_TIM4_Init
                0x0000000008000bec       0xec ./Core/Src/main.o
 .text.MX_DMA_Init
                0x0000000008000cd8       0x40 ./Core/Src/main.o
 .text.MX_GPIO_Init
                0x0000000008000d18       0x50 ./Core/Src/main.o
 .text.HAL_ADC_ConvHalfCpltCallback
                0x0000000008000d68       0x14 ./Core/Src/main.o
                0x0000000008000d68                HAL_ADC_ConvHalfCpltCallback
 .text.HAL_ADC_ConvCpltCallback
                0x0000000008000d7c      0x158 ./Core/Src/main.o
                0x0000000008000d7c                HAL_ADC_ConvCpltCallback
 .text.Error_Handler
                0x0000000008000ed4        0xa ./Core/Src/main.o
                0x0000000008000ed4                Error_Handler
 *fill*         0x0000000008000ede        0x2 
 .text.HAL_MspInit
                0x0000000008000ee0       0x50 ./Core/Src/stm32f4xx_hal_msp.o
                0x0000000008000ee0                HAL_MspInit
 .text.HAL_ADC_MspInit
                0x0000000008000f30       0xec ./Core/Src/stm32f4xx_hal_msp.o
                0x0000000008000f30                HAL_ADC_MspInit
 .text.HAL_DAC_MspInit
                0x000000000800101c       0x88 ./Core/Src/stm32f4xx_hal_msp.o
                0x000000000800101c                HAL_DAC_MspInit
 .text.HAL_TIM_Base_MspInit
                0x00000000080010a4       0x98 ./Core/Src/stm32f4xx_hal_msp.o
                0x00000000080010a4                HAL_TIM_Base_MspInit
 .text.HAL_TIM_MspPostInit
                0x000000000800113c       0xc4 ./Core/Src/stm32f4xx_hal_msp.o
                0x000000000800113c                HAL_TIM_MspPostInit
 .text.NMI_Handler
                0x0000000008001200        0x6 ./Core/Src/stm32f4xx_it.o
                0x0000000008001200                NMI_Handler
 .text.HardFault_Handler
                0x0000000008001206        0x6 ./Core/Src/stm32f4xx_it.o
                0x0000000008001206                HardFault_Handler
 .text.MemManage_Handler
                0x000000000800120c        0x6 ./Core/Src/stm32f4xx_it.o
                0x000000000800120c                MemManage_Handler
 .text.BusFault_Handler
                0x0000000008001212        0x6 ./Core/Src/stm32f4xx_it.o
                0x0000000008001212                BusFault_Handler
 .text.UsageFault_Handler
                0x0000000008001218        0x6 ./Core/Src/stm32f4xx_it.o
                0x0000000008001218                UsageFault_Handler
 .text.SVC_Handler
                0x000000000800121e        0xe ./Core/Src/stm32f4xx_it.o
                0x000000000800121e                SVC_Handler
 .text.DebugMon_Handler
                0x000000000800122c        0xe ./Core/Src/stm32f4xx_it.o
                0x000000000800122c                DebugMon_Handler
 .text.PendSV_Handler
                0x000000000800123a        0xe ./Core/Src/stm32f4xx_it.o
                0x000000000800123a                PendSV_Handler
 .text.SysTick_Handler
                0x0000000008001248        0xc ./Core/Src/stm32f4xx_it.o
                0x0000000008001248                SysTick_Handler
 .text.DMA2_Stream0_IRQHandler
                0x0000000008001254       0x14 ./Core/Src/stm32f4xx_it.o
                0x0000000008001254                DMA2_Stream0_IRQHandler
 .text.SystemInit
                0x0000000008001268       0x24 ./Core/Src/system_stm32f4xx.o
                0x0000000008001268                SystemInit
 .text.Reset_Handler
                0x000000000800128c       0x50 ./Core/Startup/startup_stm32f407vgtx.o
                0x000000000800128c                Reset_Handler
 .text.Default_Handler
                0x00000000080012dc        0x2 ./Core/Startup/startup_stm32f407vgtx.o
                0x00000000080012dc                RTC_Alarm_IRQHandler
                0x00000000080012dc                HASH_RNG_IRQHandler
                0x00000000080012dc                EXTI2_IRQHandler
                0x00000000080012dc                TIM8_CC_IRQHandler
                0x00000000080012dc                TIM1_CC_IRQHandler
                0x00000000080012dc                DMA2_Stream5_IRQHandler
                0x00000000080012dc                DMA1_Stream5_IRQHandler
                0x00000000080012dc                PVD_IRQHandler
                0x00000000080012dc                SDIO_IRQHandler
                0x00000000080012dc                TAMP_STAMP_IRQHandler
                0x00000000080012dc                CAN2_RX1_IRQHandler
                0x00000000080012dc                EXTI3_IRQHandler
                0x00000000080012dc                TIM8_TRG_COM_TIM14_IRQHandler
                0x00000000080012dc                TIM1_UP_TIM10_IRQHandler
                0x00000000080012dc                TIM8_UP_TIM13_IRQHandler
                0x00000000080012dc                I2C3_ER_IRQHandler
                0x00000000080012dc                EXTI0_IRQHandler
                0x00000000080012dc                I2C2_EV_IRQHandler
                0x00000000080012dc                DMA1_Stream2_IRQHandler
                0x00000000080012dc                CAN1_RX0_IRQHandler
                0x00000000080012dc                FPU_IRQHandler
                0x00000000080012dc                OTG_HS_WKUP_IRQHandler
                0x00000000080012dc                CAN2_SCE_IRQHandler
                0x00000000080012dc                DMA2_Stream2_IRQHandler
                0x00000000080012dc                SPI1_IRQHandler
                0x00000000080012dc                TIM6_DAC_IRQHandler
                0x00000000080012dc                TIM1_BRK_TIM9_IRQHandler
                0x00000000080012dc                DCMI_IRQHandler
                0x00000000080012dc                CAN2_RX0_IRQHandler
                0x00000000080012dc                DMA2_Stream3_IRQHandler
                0x00000000080012dc                USART6_IRQHandler
                0x00000000080012dc                USART3_IRQHandler
                0x00000000080012dc                CAN1_RX1_IRQHandler
                0x00000000080012dc                UART5_IRQHandler
                0x00000000080012dc                TIM4_IRQHandler
                0x00000000080012dc                I2C1_EV_IRQHandler
                0x00000000080012dc                DMA1_Stream6_IRQHandler
                0x00000000080012dc                DMA1_Stream1_IRQHandler
                0x00000000080012dc                UART4_IRQHandler
                0x00000000080012dc                TIM3_IRQHandler
                0x00000000080012dc                RCC_IRQHandler
                0x00000000080012dc                TIM8_BRK_TIM12_IRQHandler
                0x00000000080012dc                Default_Handler
                0x00000000080012dc                EXTI15_10_IRQHandler
                0x00000000080012dc                ADC_IRQHandler
                0x00000000080012dc                DMA1_Stream7_IRQHandler
                0x00000000080012dc                TIM7_IRQHandler
                0x00000000080012dc                CAN2_TX_IRQHandler
                0x00000000080012dc                TIM5_IRQHandler
                0x00000000080012dc                DMA2_Stream7_IRQHandler
                0x00000000080012dc                I2C3_EV_IRQHandler
                0x00000000080012dc                EXTI9_5_IRQHandler
                0x00000000080012dc                RTC_WKUP_IRQHandler
                0x00000000080012dc                ETH_WKUP_IRQHandler
                0x00000000080012dc                SPI2_IRQHandler
                0x00000000080012dc                OTG_HS_EP1_IN_IRQHandler
                0x00000000080012dc                DMA1_Stream0_IRQHandler
                0x00000000080012dc                CAN1_TX_IRQHandler
                0x00000000080012dc                EXTI4_IRQHandler
                0x00000000080012dc                FSMC_IRQHandler
                0x00000000080012dc                ETH_IRQHandler
                0x00000000080012dc                OTG_HS_EP1_OUT_IRQHandler
                0x00000000080012dc                WWDG_IRQHandler
                0x00000000080012dc                TIM2_IRQHandler
                0x00000000080012dc                OTG_FS_WKUP_IRQHandler
                0x00000000080012dc                TIM1_TRG_COM_TIM11_IRQHandler
                0x00000000080012dc                OTG_HS_IRQHandler
                0x00000000080012dc                EXTI1_IRQHandler
                0x00000000080012dc                USART2_IRQHandler
                0x00000000080012dc                I2C2_ER_IRQHandler
                0x00000000080012dc                DMA2_Stream1_IRQHandler
                0x00000000080012dc                CAN1_SCE_IRQHandler
                0x00000000080012dc                FLASH_IRQHandler
                0x00000000080012dc                DMA2_Stream4_IRQHandler
                0x00000000080012dc                USART1_IRQHandler
                0x00000000080012dc                OTG_FS_IRQHandler
                0x00000000080012dc                SPI3_IRQHandler
                0x00000000080012dc                DMA1_Stream4_IRQHandler
                0x00000000080012dc                I2C1_ER_IRQHandler
                0x00000000080012dc                DMA2_Stream6_IRQHandler
                0x00000000080012dc                DMA1_Stream3_IRQHandler
 *fill*         0x00000000080012de        0x2 
 .text.HAL_Init
                0x00000000080012e0       0x44 ./Drivers/STM32F4xx_HAL_Driver/Src/stm32f4xx_hal.o
                0x00000000080012e0                HAL_Init
 .text.HAL_InitTick
                0x0000000008001324       0x60 ./Drivers/STM32F4xx_HAL_Driver/Src/stm32f4xx_hal.o
                0x0000000008001324                HAL_InitTick
 .text.HAL_IncTick
                0x0000000008001384       0x28 ./Drivers/STM32F4xx_HAL_Driver/Src/stm32f4xx_hal.o
                0x0000000008001384                HAL_IncTick
 .text.HAL_GetTick
                0x00000000080013ac       0x18 ./Drivers/STM32F4xx_HAL_Driver/Src/stm32f4xx_hal.o
                0x00000000080013ac                HAL_GetTick
 .text.HAL_ADC_Init
                0x00000000080013c4       0x86 ./Drivers/STM32F4xx_HAL_Driver/Src/stm32f4xx_hal_adc.o
                0x00000000080013c4                HAL_ADC_Init
 *fill*         0x000000000800144a        0x2 
 .text.HAL_ADC_Start_DMA
                0x000000000800144c      0x220 ./Drivers/STM32F4xx_HAL_Driver/Src/stm32f4xx_hal_adc.o
                0x000000000800144c                HAL_ADC_Start_DMA
 .text.HAL_ADC_ErrorCallback
                0x000000000800166c       0x14 ./Drivers/STM32F4xx_HAL_Driver/Src/stm32f4xx_hal_adc.o
                0x000000000800166c                HAL_ADC_ErrorCallback
 .text.HAL_ADC_ConfigChannel
                0x0000000008001680      0x244 ./Drivers/STM32F4xx_HAL_Driver/Src/stm32f4xx_hal_adc.o
                0x0000000008001680                HAL_ADC_ConfigChannel
 .text.ADC_Init
                0x00000000080018c4      0x1f8 ./Drivers/STM32F4xx_HAL_Driver/Src/stm32f4xx_hal_adc.o
 .text.ADC_DMAConvCplt
                0x0000000008001abc       0xba ./Drivers/STM32F4xx_HAL_Driver/Src/stm32f4xx_hal_adc.o
 .text.ADC_DMAHalfConvCplt
                0x0000000008001b76       0x1c ./Drivers/STM32F4xx_HAL_Driver/Src/stm32f4xx_hal_adc.o
 .text.ADC_DMAError
                0x0000000008001b92       0x2e ./Drivers/STM32F4xx_HAL_Driver/Src/stm32f4xx_hal_adc.o
 .text.__NVIC_SetPriorityGrouping
                0x0000000008001bc0       0x48 ./Drivers/STM32F4xx_HAL_Driver/Src/stm32f4xx_hal_cortex.o
 .text.__NVIC_GetPriorityGrouping
                0x0000000008001c08       0x1c ./Drivers/STM32F4xx_HAL_Driver/Src/stm32f4xx_hal_cortex.o
 .text.__NVIC_EnableIRQ
                0x0000000008001c24       0x3c ./Drivers/STM32F4xx_HAL_Driver/Src/stm32f4xx_hal_cortex.o
 .text.__NVIC_SetPriority
                0x0000000008001c60       0x54 ./Drivers/STM32F4xx_HAL_Driver/Src/stm32f4xx_hal_cortex.o
 .text.NVIC_EncodePriority
                0x0000000008001cb4       0x66 ./Drivers/STM32F4xx_HAL_Driver/Src/stm32f4xx_hal_cortex.o
 *fill*         0x0000000008001d1a        0x2 
 .text.SysTick_Config
                0x0000000008001d1c       0x44 ./Drivers/STM32F4xx_HAL_Driver/Src/stm32f4xx_hal_cortex.o
 .text.HAL_NVIC_SetPriorityGrouping
                0x0000000008001d60       0x16 ./Drivers/STM32F4xx_HAL_Driver/Src/stm32f4xx_hal_cortex.o
                0x0000000008001d60                HAL_NVIC_SetPriorityGrouping
 .text.HAL_NVIC_SetPriority
                0x0000000008001d76       0x38 ./Drivers/STM32F4xx_HAL_Driver/Src/stm32f4xx_hal_cortex.o
                0x0000000008001d76                HAL_NVIC_SetPriority
 .text.HAL_NVIC_EnableIRQ
                0x0000000008001dae       0x1c ./Drivers/STM32F4xx_HAL_Driver/Src/stm32f4xx_hal_cortex.o
                0x0000000008001dae                HAL_NVIC_EnableIRQ
 .text.HAL_SYSTICK_Config
                0x0000000008001dca       0x18 ./Drivers/STM32F4xx_HAL_Driver/Src/stm32f4xx_hal_cortex.o
                0x0000000008001dca                HAL_SYSTICK_Config
 .text.HAL_DAC_Init
                0x0000000008001de2       0x44 ./Drivers/STM32F4xx_HAL_Driver/Src/stm32f4xx_hal_dac.o
                0x0000000008001de2                HAL_DAC_Init
 .text.HAL_DAC_Start
                0x0000000008001e26       0xa4 ./Drivers/STM32F4xx_HAL_Driver/Src/stm32f4xx_hal_dac.o
                0x0000000008001e26                HAL_DAC_Start
 .text.HAL_DAC_SetValue
                0x0000000008001eca       0x4a ./Drivers/STM32F4xx_HAL_Driver/Src/stm32f4xx_hal_dac.o
                0x0000000008001eca                HAL_DAC_SetValue
 .text.HAL_DAC_ConfigChannel
                0x0000000008001f14       0x9e ./Drivers/STM32F4xx_HAL_Driver/Src/stm32f4xx_hal_dac.o
                0x0000000008001f14                HAL_DAC_ConfigChannel
 *fill*         0x0000000008001fb2        0x2 
 .text.HAL_DMA_Init
                0x0000000008001fb4      0x15c ./Drivers/STM32F4xx_HAL_Driver/Src/stm32f4xx_hal_dma.o
                0x0000000008001fb4                HAL_DMA_Init
 .text.HAL_DMA_Start_IT
                0x0000000008002110       0xb0 ./Drivers/STM32F4xx_HAL_Driver/Src/stm32f4xx_hal_dma.o
                0x0000000008002110                HAL_DMA_Start_IT
 .text.HAL_DMA_IRQHandler
                0x00000000080021c0      0x314 ./Drivers/STM32F4xx_HAL_Driver/Src/stm32f4xx_hal_dma.o
                0x00000000080021c0                HAL_DMA_IRQHandler
 .text.DMA_SetConfig
                0x00000000080024d4       0x5c ./Drivers/STM32F4xx_HAL_Driver/Src/stm32f4xx_hal_dma.o
 .text.DMA_CalcBaseAndBitshift
                0x0000000008002530       0x6c ./Drivers/STM32F4xx_HAL_Driver/Src/stm32f4xx_hal_dma.o
 .text.DMA_CheckFifoParam
                0x000000000800259c       0xf8 ./Drivers/STM32F4xx_HAL_Driver/Src/stm32f4xx_hal_dma.o
 .text.HAL_GPIO_Init
                0x0000000008002694      0x338 ./Drivers/STM32F4xx_HAL_Driver/Src/stm32f4xx_hal_gpio.o
                0x0000000008002694                HAL_GPIO_Init
 .text.HAL_RCC_OscConfig
                0x00000000080029cc      0x4f0 ./Drivers/STM32F4xx_HAL_Driver/Src/stm32f4xx_hal_rcc.o
                0x00000000080029cc                HAL_RCC_OscConfig
 .text.HAL_RCC_ClockConfig
                0x0000000008002ebc      0x1cc ./Drivers/STM32F4xx_HAL_Driver/Src/stm32f4xx_hal_rcc.o
                0x0000000008002ebc                HAL_RCC_ClockConfig
 .text.HAL_RCC_GetSysClockFreq
                0x0000000008003088      0x1c4 ./Drivers/STM32F4xx_HAL_Driver/Src/stm32f4xx_hal_rcc.o
                0x0000000008003088                HAL_RCC_GetSysClockFreq
 .text.HAL_TIM_Base_Init
                0x000000000800324c       0x9e ./Drivers/STM32F4xx_HAL_Driver/Src/stm32f4xx_hal_tim.o
                0x000000000800324c                HAL_TIM_Base_Init
 *fill*         0x00000000080032ea        0x2 
 .text.HAL_TIM_Base_Start_IT
                0x00000000080032ec       0xe0 ./Drivers/STM32F4xx_HAL_Driver/Src/stm32f4xx_hal_tim.o
                0x00000000080032ec                HAL_TIM_Base_Start_IT
 .text.HAL_TIM_PWM_Init
                0x00000000080033cc       0x9e ./Drivers/STM32F4xx_HAL_Driver/Src/stm32f4xx_hal_tim.o
                0x00000000080033cc                HAL_TIM_PWM_Init
 .text.HAL_TIM_PWM_MspInit
                0x000000000800346a       0x14 ./Drivers/STM32F4xx_HAL_Driver/Src/stm32f4xx_hal_tim.o
                0x000000000800346a                HAL_TIM_PWM_MspInit
 *fill*         0x000000000800347e        0x2 
 .text.HAL_TIM_PWM_Start
                0x0000000008003480      0x190 ./Drivers/STM32F4xx_HAL_Driver/Src/stm32f4xx_hal_tim.o
                0x0000000008003480                HAL_TIM_PWM_Start
 .text.HAL_TIM_PWM_ConfigChannel
                0x0000000008003610      0x184 ./Drivers/STM32F4xx_HAL_Driver/Src/stm32f4xx_hal_tim.o
                0x0000000008003610                HAL_TIM_PWM_ConfigChannel
 .text.HAL_TIM_ConfigClockSource
                0x0000000008003794      0x18e ./Drivers/STM32F4xx_HAL_Driver/Src/stm32f4xx_hal_tim.o
                0x0000000008003794                HAL_TIM_ConfigClockSource
 *fill*         0x0000000008003922        0x2 
 .text.TIM_Base_SetConfig
                0x0000000008003924      0x140 ./Drivers/STM32F4xx_HAL_Driver/Src/stm32f4xx_hal_tim.o
                0x0000000008003924                TIM_Base_SetConfig
 .text.TIM_OC1_SetConfig
                0x0000000008003a64       0xe0 ./Drivers/STM32F4xx_HAL_Driver/Src/stm32f4xx_hal_tim.o
 .text.TIM_OC2_SetConfig
                0x0000000008003b44       0xec ./Drivers/STM32F4xx_HAL_Driver/Src/stm32f4xx_hal_tim.o
                0x0000000008003b44                TIM_OC2_SetConfig
 .text.TIM_OC3_SetConfig
                0x0000000008003c30       0xe8 ./Drivers/STM32F4xx_HAL_Driver/Src/stm32f4xx_hal_tim.o
 .text.TIM_OC4_SetConfig
                0x0000000008003d18       0xac ./Drivers/STM32F4xx_HAL_Driver/Src/stm32f4xx_hal_tim.o
 .text.TIM_TI1_ConfigInputStage
                0x0000000008003dc4       0x5e ./Drivers/STM32F4xx_HAL_Driver/Src/stm32f4xx_hal_tim.o
 .text.TIM_TI2_ConfigInputStage
                0x0000000008003e22       0x60 ./Drivers/STM32F4xx_HAL_Driver/Src/stm32f4xx_hal_tim.o
 .text.TIM_ITRx_SetConfig
                0x0000000008003e82       0x36 ./Drivers/STM32F4xx_HAL_Driver/Src/stm32f4xx_hal_tim.o
 .text.TIM_ETR_SetConfig
                0x0000000008003eb8       0x40 ./Drivers/STM32F4xx_HAL_Driver/Src/stm32f4xx_hal_tim.o
                0x0000000008003eb8                TIM_ETR_SetConfig
 .text.TIM_CCxChannelCmd
                0x0000000008003ef8       0x4a ./Drivers/STM32F4xx_HAL_Driver/Src/stm32f4xx_hal_tim.o
                0x0000000008003ef8                TIM_CCxChannelCmd
 *fill*         0x0000000008003f42        0x2 
 .text.HAL_TIMEx_MasterConfigSynchronization
                0x0000000008003f44       0xf8 ./Drivers/STM32F4xx_HAL_Driver/Src/stm32f4xx_hal_tim_ex.o
                0x0000000008003f44                HAL_TIMEx_MasterConfigSynchronization
 .text.__libc_init_array
                0x000000000800403c       0x48 c:/st/stm32cubeide_1.8.0/stm32cubeide/plugins/com.st.stm32cube.ide.mcu.externaltools.gnu-tools-for-stm32.9-2020-q2-update.win32_2.0.0.202105311346/tools/bin/../lib/gcc/arm-none-eabi/9.3.1/../../../../arm-none-eabi/lib/thumb/v7e-m+fp/hard\libc_nano.a(lib_a-init.o)
                0x000000000800403c                __libc_init_array
 .text.memset   0x0000000008004084       0x10 c:/st/stm32cubeide_1.8.0/stm32cubeide/plugins/com.st.stm32cube.ide.mcu.externaltools.gnu-tools-for-stm32.9-2020-q2-update.win32_2.0.0.202105311346/tools/bin/../lib/gcc/arm-none-eabi/9.3.1/../../../../arm-none-eabi/lib/thumb/v7e-m+fp/hard\libc_nano.a(lib_a-memset.o)
                0x0000000008004084                memset
 *(.glue_7)
 .glue_7        0x0000000008004094        0x0 linker stubs
 *(.glue_7t)
 .glue_7t       0x0000000008004094        0x0 linker stubs
 *(.eh_frame)
 .eh_frame      0x0000000008004094        0x0 c:/st/stm32cubeide_1.8.0/stm32cubeide/plugins/com.st.stm32cube.ide.mcu.externaltools.gnu-tools-for-stm32.9-2020-q2-update.win32_2.0.0.202105311346/tools/bin/../lib/gcc/arm-none-eabi/9.3.1/thumb/v7e-m+fp/hard/crtbegin.o
 *(.init)
 .init          0x0000000008004094        0x4 c:/st/stm32cubeide_1.8.0/stm32cubeide/plugins/com.st.stm32cube.ide.mcu.externaltools.gnu-tools-for-stm32.9-2020-q2-update.win32_2.0.0.202105311346/tools/bin/../lib/gcc/arm-none-eabi/9.3.1/thumb/v7e-m+fp/hard/crti.o
                0x0000000008004094                _init
 .init          0x0000000008004098        0x8 c:/st/stm32cubeide_1.8.0/stm32cubeide/plugins/com.st.stm32cube.ide.mcu.externaltools.gnu-tools-for-stm32.9-2020-q2-update.win32_2.0.0.202105311346/tools/bin/../lib/gcc/arm-none-eabi/9.3.1/thumb/v7e-m+fp/hard/crtn.o
 *(.fini)
 .fini          0x00000000080040a0        0x4 c:/st/stm32cubeide_1.8.0/stm32cubeide/plugins/com.st.stm32cube.ide.mcu.externaltools.gnu-tools-for-stm32.9-2020-q2-update.win32_2.0.0.202105311346/tools/bin/../lib/gcc/arm-none-eabi/9.3.1/thumb/v7e-m+fp/hard/crti.o
                0x00000000080040a0                _fini
 .fini          0x00000000080040a4        0x8 c:/st/stm32cubeide_1.8.0/stm32cubeide/plugins/com.st.stm32cube.ide.mcu.externaltools.gnu-tools-for-stm32.9-2020-q2-update.win32_2.0.0.202105311346/tools/bin/../lib/gcc/arm-none-eabi/9.3.1/thumb/v7e-m+fp/hard/crtn.o
                0x00000000080040ac                . = ALIGN (0x4)
                0x00000000080040ac                _etext = .

.vfp11_veneer   0x00000000080040ac        0x0
 .vfp11_veneer  0x00000000080040ac        0x0 linker stubs

.v4_bx          0x00000000080040ac        0x0
 .v4_bx         0x00000000080040ac        0x0 linker stubs

.iplt           0x00000000080040ac        0x0
 .iplt          0x00000000080040ac        0x0 c:/st/stm32cubeide_1.8.0/stm32cubeide/plugins/com.st.stm32cube.ide.mcu.externaltools.gnu-tools-for-stm32.9-2020-q2-update.win32_2.0.0.202105311346/tools/bin/../lib/gcc/arm-none-eabi/9.3.1/thumb/v7e-m+fp/hard/crtbegin.o

.rodata         0x00000000080040ac       0x18
                0x00000000080040ac                . = ALIGN (0x4)
 *(.rodata)
 *(.rodata*)
 .rodata.AHBPrescTable
                0x00000000080040ac       0x10 ./Core/Src/system_stm32f4xx.o
                0x00000000080040ac                AHBPrescTable
 .rodata.flagBitshiftOffset.8775
                0x00000000080040bc        0x8 ./Drivers/STM32F4xx_HAL_Driver/Src/stm32f4xx_hal_dma.o
                0x00000000080040c4                . = ALIGN (0x4)

.ARM.extab      0x00000000080040c4        0x0
                0x00000000080040c4                . = ALIGN (0x4)
 *(.ARM.extab* .gnu.linkonce.armextab.*)
                0x00000000080040c4                . = ALIGN (0x4)

.ARM            0x00000000080040c4        0x8
                0x00000000080040c4                . = ALIGN (0x4)
                0x00000000080040c4                __exidx_start = .
 *(.ARM.exidx*)
 .ARM.exidx     0x00000000080040c4        0x8 c:/st/stm32cubeide_1.8.0/stm32cubeide/plugins/com.st.stm32cube.ide.mcu.externaltools.gnu-tools-for-stm32.9-2020-q2-update.win32_2.0.0.202105311346/tools/bin/../lib/gcc/arm-none-eabi/9.3.1/thumb/v7e-m+fp/hard\libgcc.a(_udivmoddi4.o)
                0x00000000080040cc                __exidx_end = .
                0x00000000080040cc                . = ALIGN (0x4)

.rel.dyn        0x00000000080040cc        0x0
 .rel.iplt      0x00000000080040cc        0x0 c:/st/stm32cubeide_1.8.0/stm32cubeide/plugins/com.st.stm32cube.ide.mcu.externaltools.gnu-tools-for-stm32.9-2020-q2-update.win32_2.0.0.202105311346/tools/bin/../lib/gcc/arm-none-eabi/9.3.1/thumb/v7e-m+fp/hard/crtbegin.o

.preinit_array  0x00000000080040cc        0x0
                0x00000000080040cc                . = ALIGN (0x4)
                0x00000000080040cc                PROVIDE (__preinit_array_start = .)
 *(.preinit_array*)
                0x00000000080040cc                PROVIDE (__preinit_array_end = .)
                0x00000000080040cc                . = ALIGN (0x4)

.init_array     0x00000000080040cc        0x4
                0x00000000080040cc                . = ALIGN (0x4)
                0x00000000080040cc                PROVIDE (__init_array_start = .)
 *(SORT_BY_NAME(.init_array.*))
 *(.init_array*)
 .init_array    0x00000000080040cc        0x4 c:/st/stm32cubeide_1.8.0/stm32cubeide/plugins/com.st.stm32cube.ide.mcu.externaltools.gnu-tools-for-stm32.9-2020-q2-update.win32_2.0.0.202105311346/tools/bin/../lib/gcc/arm-none-eabi/9.3.1/thumb/v7e-m+fp/hard/crtbegin.o
                0x00000000080040d0                PROVIDE (__init_array_end = .)
                0x00000000080040d0                . = ALIGN (0x4)

.fini_array     0x00000000080040d0        0x4
                0x00000000080040d0                . = ALIGN (0x4)
                [!provide]                        PROVIDE (__fini_array_start = .)
 *(SORT_BY_NAME(.fini_array.*))
 *(.fini_array*)
 .fini_array    0x00000000080040d0        0x4 c:/st/stm32cubeide_1.8.0/stm32cubeide/plugins/com.st.stm32cube.ide.mcu.externaltools.gnu-tools-for-stm32.9-2020-q2-update.win32_2.0.0.202105311346/tools/bin/../lib/gcc/arm-none-eabi/9.3.1/thumb/v7e-m+fp/hard/crtbegin.o
                [!provide]                        PROVIDE (__fini_array_end = .)
                0x00000000080040d4                . = ALIGN (0x4)
                0x00000000080040d4                _sidata = LOADADDR (.data)

.data           0x0000000020000000       0x44 load address 0x00000000080040d4
                0x0000000020000000                . = ALIGN (0x4)
                0x0000000020000000                _sdata = .
 *(.data)
 *(.data*)
 .data.a0       0x0000000020000000        0x4 ./Core/Src/main.o
                0x0000000020000000                a0
 .data.a1       0x0000000020000004        0x4 ./Core/Src/main.o
                0x0000000020000004                a1
 .data.a2       0x0000000020000008        0x4 ./Core/Src/main.o
                0x0000000020000008                a2
 .data.b1       0x000000002000000c        0x4 ./Core/Src/main.o
                0x000000002000000c                b1
 .data.b2       0x0000000020000010        0x4 ./Core/Src/main.o
                0x0000000020000010                b2
 .data.a0_pb    0x0000000020000014        0x4 ./Core/Src/main.o
                0x0000000020000014                a0_pb
 .data.a1_pb    0x0000000020000018        0x4 ./Core/Src/main.o
                0x0000000020000018                a1_pb
 .data.a2_pb    0x000000002000001c        0x4 ./Core/Src/main.o
                0x000000002000001c                a2_pb
 .data.b1_pb    0x0000000020000020        0x4 ./Core/Src/main.o
                0x0000000020000020                b1_pb
 .data.b2_pb    0x0000000020000024        0x4 ./Core/Src/main.o
                0x0000000020000024                b2_pb
 .data.a0_pa    0x0000000020000028        0x4 ./Core/Src/main.o
                0x0000000020000028                a0_pa
 .data.a2_pa    0x000000002000002c        0x4 ./Core/Src/main.o
                0x000000002000002c                a2_pa
 .data.b1_pa    0x0000000020000030        0x4 ./Core/Src/main.o
                0x0000000020000030                b1_pa
 .data.b2_pa    0x0000000020000034        0x4 ./Core/Src/main.o
                0x0000000020000034                b2_pa
 .data.SystemCoreClock
                0x0000000020000038        0x4 ./Core/Src/system_stm32f4xx.o
                0x0000000020000038                SystemCoreClock
 .data.uwTickPrio
                0x000000002000003c        0x4 ./Drivers/STM32F4xx_HAL_Driver/Src/stm32f4xx_hal.o
                0x000000002000003c                uwTickPrio
 .data.uwTickFreq
                0x0000000020000040        0x1 ./Drivers/STM32F4xx_HAL_Driver/Src/stm32f4xx_hal.o
                0x0000000020000040                uwTickFreq
 *(.RamFunc)
 *(.RamFunc*)
                0x0000000020000044                . = ALIGN (0x4)
 *fill*         0x0000000020000041        0x3 
                0x0000000020000044                _edata = .
                0x0000000008004118                _siccmram = LOADADDR (.ccmram)

.igot.plt       0x0000000020000044        0x0 load address 0x0000000008004118
 .igot.plt      0x0000000020000044        0x0 c:/st/stm32cubeide_1.8.0/stm32cubeide/plugins/com.st.stm32cube.ide.mcu.externaltools.gnu-tools-for-stm32.9-2020-q2-update.win32_2.0.0.202105311346/tools/bin/../lib/gcc/arm-none-eabi/9.3.1/thumb/v7e-m+fp/hard/crtbegin.o

.ccmram         0x0000000010000000        0x0 load address 0x0000000008004118
                0x0000000010000000                . = ALIGN (0x4)
                0x0000000010000000                _sccmram = .
 *(.ccmram)
 *(.ccmram*)
                0x0000000010000000                . = ALIGN (0x4)
                0x0000000010000000                _eccmram = .
                0x0000000010000000                . = ALIGN (0x4)

.bss            0x0000000020000044      0x210
                0x0000000020000044                _sbss = .
                0x0000000020000044                __bss_start__ = _sbss
 *(.bss)
 .bss           0x0000000020000044       0x1c c:/st/stm32cubeide_1.8.0/stm32cubeide/plugins/com.st.stm32cube.ide.mcu.externaltools.gnu-tools-for-stm32.9-2020-q2-update.win32_2.0.0.202105311346/tools/bin/../lib/gcc/arm-none-eabi/9.3.1/thumb/v7e-m+fp/hard/crtbegin.o
 *(.bss*)
 .bss.a1_pa     0x0000000020000060        0x4 ./Core/Src/main.o
                0x0000000020000060                a1_pa
 *(COMMON)
 COMMON         0x0000000020000064      0x1ec ./Core/Src/main.o
                0x0000000020000064                duty_cycle_1
                0x0000000020000068                pax_1
                0x000000002000006c                htim4
                0x00000000200000b4                ly_2
                0x00000000200000b8                ry_2
                0x00000000200000bc                ry_1
                0x00000000200000c0                pbx_2
                0x00000000200000c4                rx_2
                0x00000000200000c8                pay_2
                0x00000000200000cc                htim3
                0x0000000020000114                duty_cycle_2
                0x0000000020000118                pby_1
                0x000000002000011c                senal_mono
                0x0000000020000120                hadc1
                0x0000000020000168                pay_1
                0x000000002000016c                led_agudos
                0x0000000020000170                led_bajos
                0x0000000020000174                hdac
                0x0000000020000188                hdma_adc1
                0x00000000200001e8                lx_1
                0x00000000200001ec                buffer_in
                0x00000000200001f0                rx_1
                0x00000000200001f4                pby_2
                0x00000000200001f8                pax_2
                0x00000000200001fc                htim2
                0x0000000020000244                ly_1
                0x0000000020000248                pbx_1
                0x000000002000024c                lx_2
 COMMON         0x0000000020000250        0x4 ./Drivers/STM32F4xx_HAL_Driver/Src/stm32f4xx_hal.o
                0x0000000020000250                uwTick
                0x0000000020000254                . = ALIGN (0x4)
                0x0000000020000254                _ebss = .
                0x0000000020000254                __bss_end__ = _ebss

._user_heap_stack
                0x0000000020000254      0x604
                0x0000000020000258                . = ALIGN (0x8)
 *fill*         0x0000000020000254        0x4 
                [!provide]                        PROVIDE (end = .)
                0x0000000020000258                PROVIDE (_end = .)
                0x0000000020000458                . = (. + _Min_Heap_Size)
 *fill*         0x0000000020000258      0x200 
                0x0000000020000858                . = (. + _Min_Stack_Size)
 *fill*         0x0000000020000458      0x400 
                0x0000000020000858                . = ALIGN (0x8)

/DISCARD/
 libc.a(*)
 libm.a(*)
 libgcc.a(*)

.ARM.attributes
                0x0000000000000000       0x30
 *(.ARM.attributes)
 .ARM.attributes
                0x0000000000000000       0x1e c:/st/stm32cubeide_1.8.0/stm32cubeide/plugins/com.st.stm32cube.ide.mcu.externaltools.gnu-tools-for-stm32.9-2020-q2-update.win32_2.0.0.202105311346/tools/bin/../lib/gcc/arm-none-eabi/9.3.1/thumb/v7e-m+fp/hard/crti.o
 .ARM.attributes
                0x000000000000001e       0x34 c:/st/stm32cubeide_1.8.0/stm32cubeide/plugins/com.st.stm32cube.ide.mcu.externaltools.gnu-tools-for-stm32.9-2020-q2-update.win32_2.0.0.202105311346/tools/bin/../lib/gcc/arm-none-eabi/9.3.1/thumb/v7e-m+fp/hard/crtbegin.o
 .ARM.attributes
                0x0000000000000052       0x34 ./Core/Src/main.o
 .ARM.attributes
                0x0000000000000086       0x34 ./Core/Src/stm32f4xx_hal_msp.o
 .ARM.attributes
                0x00000000000000ba       0x34 ./Core/Src/stm32f4xx_it.o
 .ARM.attributes
                0x00000000000000ee       0x34 ./Core/Src/system_stm32f4xx.o
 .ARM.attributes
                0x0000000000000122       0x21 ./Core/Startup/startup_stm32f407vgtx.o
 .ARM.attributes
                0x0000000000000143       0x34 ./Drivers/STM32F4xx_HAL_Driver/Src/stm32f4xx_hal.o
 .ARM.attributes
                0x0000000000000177       0x34 ./Drivers/STM32F4xx_HAL_Driver/Src/stm32f4xx_hal_adc.o
 .ARM.attributes
                0x00000000000001ab       0x34 ./Drivers/STM32F4xx_HAL_Driver/Src/stm32f4xx_hal_cortex.o
 .ARM.attributes
                0x00000000000001df       0x34 ./Drivers/STM32F4xx_HAL_Driver/Src/stm32f4xx_hal_dac.o
 .ARM.attributes
                0x0000000000000213       0x34 ./Drivers/STM32F4xx_HAL_Driver/Src/stm32f4xx_hal_dma.o
 .ARM.attributes
                0x0000000000000247       0x34 ./Drivers/STM32F4xx_HAL_Driver/Src/stm32f4xx_hal_gpio.o
 .ARM.attributes
                0x000000000000027b       0x34 ./Drivers/STM32F4xx_HAL_Driver/Src/stm32f4xx_hal_rcc.o
 .ARM.attributes
                0x00000000000002af       0x34 ./Drivers/STM32F4xx_HAL_Driver/Src/stm32f4xx_hal_tim.o
 .ARM.attributes
                0x00000000000002e3       0x34 ./Drivers/STM32F4xx_HAL_Driver/Src/stm32f4xx_hal_tim_ex.o
 .ARM.attributes
                0x0000000000000317       0x34 c:/st/stm32cubeide_1.8.0/stm32cubeide/plugins/com.st.stm32cube.ide.mcu.externaltools.gnu-tools-for-stm32.9-2020-q2-update.win32_2.0.0.202105311346/tools/bin/../lib/gcc/arm-none-eabi/9.3.1/../../../../arm-none-eabi/lib/thumb/v7e-m+fp/hard\libc_nano.a(lib_a-init.o)
 .ARM.attributes
                0x000000000000034b       0x34 c:/st/stm32cubeide_1.8.0/stm32cubeide/plugins/com.st.stm32cube.ide.mcu.externaltools.gnu-tools-for-stm32.9-2020-q2-update.win32_2.0.0.202105311346/tools/bin/../lib/gcc/arm-none-eabi/9.3.1/../../../../arm-none-eabi/lib/thumb/v7e-m+fp/hard\libc_nano.a(lib_a-memset.o)
 .ARM.attributes
                0x000000000000037f       0x1e c:/st/stm32cubeide_1.8.0/stm32cubeide/plugins/com.st.stm32cube.ide.mcu.externaltools.gnu-tools-for-stm32.9-2020-q2-update.win32_2.0.0.202105311346/tools/bin/../lib/gcc/arm-none-eabi/9.3.1/thumb/v7e-m+fp/hard\libgcc.a(_aeabi_uldivmod.o)
 .ARM.attributes
                0x000000000000039d       0x34 c:/st/stm32cubeide_1.8.0/stm32cubeide/plugins/com.st.stm32cube.ide.mcu.externaltools.gnu-tools-for-stm32.9-2020-q2-update.win32_2.0.0.202105311346/tools/bin/../lib/gcc/arm-none-eabi/9.3.1/thumb/v7e-m+fp/hard\libgcc.a(_udivmoddi4.o)
 .ARM.attributes
                0x00000000000003d1       0x1e c:/st/stm32cubeide_1.8.0/stm32cubeide/plugins/com.st.stm32cube.ide.mcu.externaltools.gnu-tools-for-stm32.9-2020-q2-update.win32_2.0.0.202105311346/tools/bin/../lib/gcc/arm-none-eabi/9.3.1/thumb/v7e-m+fp/hard\libgcc.a(_dvmd_tls.o)
 .ARM.attributes
                0x00000000000003ef       0x1e c:/st/stm32cubeide_1.8.0/stm32cubeide/plugins/com.st.stm32cube.ide.mcu.externaltools.gnu-tools-for-stm32.9-2020-q2-update.win32_2.0.0.202105311346/tools/bin/../lib/gcc/arm-none-eabi/9.3.1/thumb/v7e-m+fp/hard/crtn.o
OUTPUT(Trabajo_sed_STM32.elf elf32-littlearm)
LOAD linker stubs
LOAD c:/st/stm32cubeide_1.8.0/stm32cubeide/plugins/com.st.stm32cube.ide.mcu.externaltools.gnu-tools-for-stm32.9-2020-q2-update.win32_2.0.0.202105311346/tools/bin/../lib/gcc/arm-none-eabi/9.3.1/../../../../arm-none-eabi/lib/thumb/v7e-m+fp/hard\libc.a
LOAD c:/st/stm32cubeide_1.8.0/stm32cubeide/plugins/com.st.stm32cube.ide.mcu.externaltools.gnu-tools-for-stm32.9-2020-q2-update.win32_2.0.0.202105311346/tools/bin/../lib/gcc/arm-none-eabi/9.3.1/../../../../arm-none-eabi/lib/thumb/v7e-m+fp/hard\libm.a
LOAD c:/st/stm32cubeide_1.8.0/stm32cubeide/plugins/com.st.stm32cube.ide.mcu.externaltools.gnu-tools-for-stm32.9-2020-q2-update.win32_2.0.0.202105311346/tools/bin/../lib/gcc/arm-none-eabi/9.3.1/thumb/v7e-m+fp/hard\libgcc.a

.debug_info     0x0000000000000000     0xc31a
 .debug_info    0x0000000000000000     0x1938 ./Core/Src/main.o
 .debug_info    0x0000000000001938     0x10d3 ./Core/Src/stm32f4xx_hal_msp.o
 .debug_info    0x0000000000002a0b      0x4b7 ./Core/Src/stm32f4xx_it.o
 .debug_info    0x0000000000002ec2      0x5a4 ./Core/Src/system_stm32f4xx.o
 .debug_info    0x0000000000003466       0x22 ./Core/Startup/startup_stm32f407vgtx.o
 .debug_info    0x0000000000003488      0x9b2 ./Drivers/STM32F4xx_HAL_Driver/Src/stm32f4xx_hal.o
 .debug_info    0x0000000000003e3a      0xdbc ./Drivers/STM32F4xx_HAL_Driver/Src/stm32f4xx_hal_adc.o
 .debug_info    0x0000000000004bf6      0xed7 ./Drivers/STM32F4xx_HAL_Driver/Src/stm32f4xx_hal_cortex.o
 .debug_info    0x0000000000005acd      0xac4 ./Drivers/STM32F4xx_HAL_Driver/Src/stm32f4xx_hal_dac.o
 .debug_info    0x0000000000006591      0x9f1 ./Drivers/STM32F4xx_HAL_Driver/Src/stm32f4xx_hal_dma.o
 .debug_info    0x0000000000006f82      0x83e ./Drivers/STM32F4xx_HAL_Driver/Src/stm32f4xx_hal_gpio.o
 .debug_info    0x00000000000077c0      0x996 ./Drivers/STM32F4xx_HAL_Driver/Src/stm32f4xx_hal_rcc.o
 .debug_info    0x0000000000008156     0x2c22 ./Drivers/STM32F4xx_HAL_Driver/Src/stm32f4xx_hal_tim.o
 .debug_info    0x000000000000ad78     0x15a2 ./Drivers/STM32F4xx_HAL_Driver/Src/stm32f4xx_hal_tim_ex.o

.debug_abbrev   0x0000000000000000     0x1c7a
 .debug_abbrev  0x0000000000000000      0x2be ./Core/Src/main.o
 .debug_abbrev  0x00000000000002be      0x235 ./Core/Src/stm32f4xx_hal_msp.o
 .debug_abbrev  0x00000000000004f3      0x163 ./Core/Src/stm32f4xx_it.o
 .debug_abbrev  0x0000000000000656      0x145 ./Core/Src/system_stm32f4xx.o
 .debug_abbrev  0x000000000000079b       0x12 ./Core/Startup/startup_stm32f407vgtx.o
 .debug_abbrev  0x00000000000007ad      0x1ed ./Drivers/STM32F4xx_HAL_Driver/Src/stm32f4xx_hal.o
 .debug_abbrev  0x000000000000099a      0x22f ./Drivers/STM32F4xx_HAL_Driver/Src/stm32f4xx_hal_adc.o
 .debug_abbrev  0x0000000000000bc9      0x33c ./Drivers/STM32F4xx_HAL_Driver/Src/stm32f4xx_hal_cortex.o
 .debug_abbrev  0x0000000000000f05      0x1f2 ./Drivers/STM32F4xx_HAL_Driver/Src/stm32f4xx_hal_dac.o
 .debug_abbrev  0x00000000000010f7      0x259 ./Drivers/STM32F4xx_HAL_Driver/Src/stm32f4xx_hal_dma.o
 .debug_abbrev  0x0000000000001350      0x1f1 ./Drivers/STM32F4xx_HAL_Driver/Src/stm32f4xx_hal_gpio.o
 .debug_abbrev  0x0000000000001541      0x275 ./Drivers/STM32F4xx_HAL_Driver/Src/stm32f4xx_hal_rcc.o
 .debug_abbrev  0x00000000000017b6      0x25e ./Drivers/STM32F4xx_HAL_Driver/Src/stm32f4xx_hal_tim.o
 .debug_abbrev  0x0000000000001a14      0x266 ./Drivers/STM32F4xx_HAL_Driver/Src/stm32f4xx_hal_tim_ex.o

.debug_aranges  0x0000000000000000      0xc00
 .debug_aranges
                0x0000000000000000       0x98 ./Core/Src/main.o
 .debug_aranges
                0x0000000000000098       0x58 ./Core/Src/stm32f4xx_hal_msp.o
 .debug_aranges
                0x00000000000000f0       0x68 ./Core/Src/stm32f4xx_it.o
 .debug_aranges
                0x0000000000000158       0x28 ./Core/Src/system_stm32f4xx.o
 .debug_aranges
                0x0000000000000180       0x28 ./Core/Startup/startup_stm32f407vgtx.o
 .debug_aranges
                0x00000000000001a8       0xf0 ./Drivers/STM32F4xx_HAL_Driver/Src/stm32f4xx_hal.o
 .debug_aranges
                0x0000000000000298       0xe8 ./Drivers/STM32F4xx_HAL_Driver/Src/stm32f4xx_hal_adc.o
 .debug_aranges
                0x0000000000000380      0x118 ./Drivers/STM32F4xx_HAL_Driver/Src/stm32f4xx_hal_cortex.o
 .debug_aranges
                0x0000000000000498       0xc0 ./Drivers/STM32F4xx_HAL_Driver/Src/stm32f4xx_hal_dac.o
 .debug_aranges
                0x0000000000000558       0x90 ./Drivers/STM32F4xx_HAL_Driver/Src/stm32f4xx_hal_dma.o
 .debug_aranges
                0x00000000000005e8       0x58 ./Drivers/STM32F4xx_HAL_Driver/Src/stm32f4xx_hal_gpio.o
 .debug_aranges
                0x0000000000000640       0x88 ./Drivers/STM32F4xx_HAL_Driver/Src/stm32f4xx_hal_rcc.o
 .debug_aranges
                0x00000000000006c8      0x3d0 ./Drivers/STM32F4xx_HAL_Driver/Src/stm32f4xx_hal_tim.o
 .debug_aranges
                0x0000000000000a98      0x168 ./Drivers/STM32F4xx_HAL_Driver/Src/stm32f4xx_hal_tim_ex.o

.debug_ranges   0x0000000000000000      0xb28
 .debug_ranges  0x0000000000000000       0x88 ./Core/Src/main.o
 .debug_ranges  0x0000000000000088       0x48 ./Core/Src/stm32f4xx_hal_msp.o
 .debug_ranges  0x00000000000000d0       0x58 ./Core/Src/stm32f4xx_it.o
 .debug_ranges  0x0000000000000128       0x18 ./Core/Src/system_stm32f4xx.o
 .debug_ranges  0x0000000000000140       0x20 ./Core/Startup/startup_stm32f407vgtx.o
 .debug_ranges  0x0000000000000160       0xe0 ./Drivers/STM32F4xx_HAL_Driver/Src/stm32f4xx_hal.o
 .debug_ranges  0x0000000000000240       0xd8 ./Drivers/STM32F4xx_HAL_Driver/Src/stm32f4xx_hal_adc.o
 .debug_ranges  0x0000000000000318      0x108 ./Drivers/STM32F4xx_HAL_Driver/Src/stm32f4xx_hal_cortex.o
 .debug_ranges  0x0000000000000420       0xb0 ./Drivers/STM32F4xx_HAL_Driver/Src/stm32f4xx_hal_dac.o
 .debug_ranges  0x00000000000004d0       0x80 ./Drivers/STM32F4xx_HAL_Driver/Src/stm32f4xx_hal_dma.o
 .debug_ranges  0x0000000000000550       0x48 ./Drivers/STM32F4xx_HAL_Driver/Src/stm32f4xx_hal_gpio.o
 .debug_ranges  0x0000000000000598       0x78 ./Drivers/STM32F4xx_HAL_Driver/Src/stm32f4xx_hal_rcc.o
 .debug_ranges  0x0000000000000610      0x3c0 ./Drivers/STM32F4xx_HAL_Driver/Src/stm32f4xx_hal_tim.o
 .debug_ranges  0x00000000000009d0      0x158 ./Drivers/STM32F4xx_HAL_Driver/Src/stm32f4xx_hal_tim_ex.o

.debug_macro    0x0000000000000000    0x215ff
 .debug_macro   0x0000000000000000      0x20a ./Core/Src/main.o
 .debug_macro   0x000000000000020a      0xaa8 ./Core/Src/main.o
 .debug_macro   0x0000000000000cb2      0x2a1 ./Core/Src/main.o
 .debug_macro   0x0000000000000f53       0x2e ./Core/Src/main.o
 .debug_macro   0x0000000000000f81       0x2f ./Core/Src/main.o
 .debug_macro   0x0000000000000fb0       0x22 ./Core/Src/main.o
 .debug_macro   0x0000000000000fd2       0x8e ./Core/Src/main.o
 .debug_macro   0x0000000000001060       0x51 ./Core/Src/main.o
 .debug_macro   0x00000000000010b1      0x103 ./Core/Src/main.o
 .debug_macro   0x00000000000011b4       0x6a ./Core/Src/main.o
 .debug_macro   0x000000000000121e      0x1df ./Core/Src/main.o
 .debug_macro   0x00000000000013fd       0x1c ./Core/Src/main.o
 .debug_macro   0x0000000000001419       0x22 ./Core/Src/main.o
 .debug_macro   0x000000000000143b       0xdf ./Core/Src/main.o
 .debug_macro   0x000000000000151a     0x102d ./Core/Src/main.o
 .debug_macro   0x0000000000002547      0x11f ./Core/Src/main.o
 .debug_macro   0x0000000000002666    0x15e58 ./Core/Src/main.o
 .debug_macro   0x00000000000184be       0x6d ./Core/Src/main.o
 .debug_macro   0x000000000001852b     0x3666 ./Core/Src/main.o
 .debug_macro   0x000000000001bb91      0x174 ./Core/Src/main.o
 .debug_macro   0x000000000001bd05       0x5c ./Core/Src/main.o
 .debug_macro   0x000000000001bd61      0x96b ./Core/Src/main.o
 .debug_macro   0x000000000001c6cc      0x9fe ./Core/Src/main.o
 .debug_macro   0x000000000001d0ca      0x116 ./Core/Src/main.o
 .debug_macro   0x000000000001d1e0      0x13e ./Core/Src/main.o
 .debug_macro   0x000000000001d31e       0xa5 ./Core/Src/main.o
 .debug_macro   0x000000000001d3c3      0x174 ./Core/Src/main.o
 .debug_macro   0x000000000001d537      0x287 ./Core/Src/main.o
 .debug_macro   0x000000000001d7be       0x5f ./Core/Src/main.o
 .debug_macro   0x000000000001d81d      0x236 ./Core/Src/main.o
 .debug_macro   0x000000000001da53      0xb5b ./Core/Src/main.o
 .debug_macro   0x000000000001e5ae      0x38b ./Core/Src/main.o
 .debug_macro   0x000000000001e939      0x176 ./Core/Src/main.o
 .debug_macro   0x000000000001eaaf       0xf9 ./Core/Src/main.o
 .debug_macro   0x000000000001eba8      0x122 ./Core/Src/main.o
 .debug_macro   0x000000000001ecca       0xa6 ./Core/Src/main.o
 .debug_macro   0x000000000001ed70      0x12c ./Core/Src/main.o
 .debug_macro   0x000000000001ee9c      0x21e ./Core/Src/main.o
 .debug_macro   0x000000000001f0ba       0x2e ./Core/Src/main.o
 .debug_macro   0x000000000001f0e8      0x11a ./Core/Src/main.o
 .debug_macro   0x000000000001f202       0x7e ./Core/Src/main.o
 .debug_macro   0x000000000001f280       0x89 ./Core/Src/main.o
 .debug_macro   0x000000000001f309      0x8d1 ./Core/Src/main.o
 .debug_macro   0x000000000001fbda       0x47 ./Core/Src/main.o
 .debug_macro   0x000000000001fc21      0x12d ./Core/Src/main.o
 .debug_macro   0x000000000001fd4e      0x20a ./Core/Src/stm32f4xx_hal_msp.o
 .debug_macro   0x000000000001ff58      0x214 ./Core/Src/stm32f4xx_it.o
 .debug_macro   0x000000000002016c      0x200 ./Core/Src/system_stm32f4xx.o
 .debug_macro   0x000000000002036c      0x260 ./Drivers/STM32F4xx_HAL_Driver/Src/stm32f4xx_hal.o
 .debug_macro   0x00000000000205cc      0x201 ./Drivers/STM32F4xx_HAL_Driver/Src/stm32f4xx_hal_adc.o
 .debug_macro   0x00000000000207cd      0x200 ./Drivers/STM32F4xx_HAL_Driver/Src/stm32f4xx_hal_cortex.o
 .debug_macro   0x00000000000209cd      0x201 ./Drivers/STM32F4xx_HAL_Driver/Src/stm32f4xx_hal_dac.o
 .debug_macro   0x0000000000020bce      0x206 ./Drivers/STM32F4xx_HAL_Driver/Src/stm32f4xx_hal_dma.o
 .debug_macro   0x0000000000020dd4      0x206 ./Drivers/STM32F4xx_HAL_Driver/Src/stm32f4xx_hal_gpio.o
 .debug_macro   0x0000000000020fda      0x224 ./Drivers/STM32F4xx_HAL_Driver/Src/stm32f4xx_hal_rcc.o
 .debug_macro   0x00000000000211fe      0x201 ./Drivers/STM32F4xx_HAL_Driver/Src/stm32f4xx_hal_tim.o
 .debug_macro   0x00000000000213ff      0x200 ./Drivers/STM32F4xx_HAL_Driver/Src/stm32f4xx_hal_tim_ex.o

.debug_line     0x0000000000000000     0xd24c
 .debug_line    0x0000000000000000      0xb27 ./Core/Src/main.o
 .debug_line    0x0000000000000b27      0x8a4 ./Core/Src/stm32f4xx_hal_msp.o
 .debug_line    0x00000000000013cb      0x801 ./Core/Src/stm32f4xx_it.o
 .debug_line    0x0000000000001bcc      0x7a8 ./Core/Src/system_stm32f4xx.o
 .debug_line    0x0000000000002374       0x88 ./Core/Startup/startup_stm32f407vgtx.o
 .debug_line    0x00000000000023fc      0xa0e ./Drivers/STM32F4xx_HAL_Driver/Src/stm32f4xx_hal.o
 .debug_line    0x0000000000002e0a     0x1298 ./Drivers/STM32F4xx_HAL_Driver/Src/stm32f4xx_hal_adc.o
 .debug_line    0x00000000000040a2      0xcbd ./Drivers/STM32F4xx_HAL_Driver/Src/stm32f4xx_hal_cortex.o
 .debug_line    0x0000000000004d5f      0xb5f ./Drivers/STM32F4xx_HAL_Driver/Src/stm32f4xx_hal_dac.o
 .debug_line    0x00000000000058be      0xf73 ./Drivers/STM32F4xx_HAL_Driver/Src/stm32f4xx_hal_dma.o
 .debug_line    0x0000000000006831      0xb84 ./Drivers/STM32F4xx_HAL_Driver/Src/stm32f4xx_hal_gpio.o
 .debug_line    0x00000000000073b5      0xd8a ./Drivers/STM32F4xx_HAL_Driver/Src/stm32f4xx_hal_rcc.o
 .debug_line    0x000000000000813f     0x3702 ./Drivers/STM32F4xx_HAL_Driver/Src/stm32f4xx_hal_tim.o
 .debug_line    0x000000000000b841     0x1a0b ./Drivers/STM32F4xx_HAL_Driver/Src/stm32f4xx_hal_tim_ex.o

.debug_str      0x0000000000000000    0xd2a14
 .debug_str     0x0000000000000000    0xd006f ./Core/Src/main.o
                                      0xd0409 (size before relaxing)
 .debug_str     0x00000000000d006f      0x137 ./Core/Src/stm32f4xx_hal_msp.o
                                      0xcfb88 (size before relaxing)
 .debug_str     0x00000000000d01a6       0xd5 ./Core/Src/stm32f4xx_it.o
                                      0xcf48d (size before relaxing)
 .debug_str     0x00000000000d027b       0xaf ./Core/Src/system_stm32f4xx.o
                                      0xcf303 (size before relaxing)
 .debug_str     0x00000000000d032a       0x36 ./Core/Startup/startup_stm32f407vgtx.o
                                         0x9e (size before relaxing)
 .debug_str     0x00000000000d0360      0x58d ./Drivers/STM32F4xx_HAL_Driver/Src/stm32f4xx_hal.o
                                      0xcfde5 (size before relaxing)
 .debug_str     0x00000000000d08ed      0x26f ./Drivers/STM32F4xx_HAL_Driver/Src/stm32f4xx_hal_adc.o
                                      0xcf8af (size before relaxing)
 .debug_str     0x00000000000d0b5c      0x397 ./Drivers/STM32F4xx_HAL_Driver/Src/stm32f4xx_hal_cortex.o
                                      0xcfbd4 (size before relaxing)
 .debug_str     0x00000000000d0ef3      0x1c4 ./Drivers/STM32F4xx_HAL_Driver/Src/stm32f4xx_hal_dac.o
                                      0xcf739 (size before relaxing)
 .debug_str     0x00000000000d10b7      0x323 ./Drivers/STM32F4xx_HAL_Driver/Src/stm32f4xx_hal_dma.o
                                      0xcf72d (size before relaxing)
 .debug_str     0x00000000000d13da      0x17b ./Drivers/STM32F4xx_HAL_Driver/Src/stm32f4xx_hal_gpio.o
                                      0xcf4aa (size before relaxing)
 .debug_str     0x00000000000d1555      0x259 ./Drivers/STM32F4xx_HAL_Driver/Src/stm32f4xx_hal_rcc.o
                                      0xcf705 (size before relaxing)
 .debug_str     0x00000000000d17ae      0xd78 ./Drivers/STM32F4xx_HAL_Driver/Src/stm32f4xx_hal_tim.o
                                      0xd0632 (size before relaxing)
 .debug_str     0x00000000000d2526      0x4ee ./Drivers/STM32F4xx_HAL_Driver/Src/stm32f4xx_hal_tim_ex.o
                                      0xcfde3 (size before relaxing)

.comment        0x0000000000000000       0x53
 .comment       0x0000000000000000       0x53 ./Core/Src/main.o
                                         0x54 (size before relaxing)
 .comment       0x0000000000000053       0x54 ./Core/Src/stm32f4xx_hal_msp.o
 .comment       0x0000000000000053       0x54 ./Core/Src/stm32f4xx_it.o
 .comment       0x0000000000000053       0x54 ./Core/Src/system_stm32f4xx.o
 .comment       0x0000000000000053       0x54 ./Drivers/STM32F4xx_HAL_Driver/Src/stm32f4xx_hal.o
 .comment       0x0000000000000053       0x54 ./Drivers/STM32F4xx_HAL_Driver/Src/stm32f4xx_hal_adc.o
 .comment       0x0000000000000053       0x54 ./Drivers/STM32F4xx_HAL_Driver/Src/stm32f4xx_hal_cortex.o
 .comment       0x0000000000000053       0x54 ./Drivers/STM32F4xx_HAL_Driver/Src/stm32f4xx_hal_dac.o
 .comment       0x0000000000000053       0x54 ./Drivers/STM32F4xx_HAL_Driver/Src/stm32f4xx_hal_dma.o
 .comment       0x0000000000000053       0x54 ./Drivers/STM32F4xx_HAL_Driver/Src/stm32f4xx_hal_gpio.o
 .comment       0x0000000000000053       0x54 ./Drivers/STM32F4xx_HAL_Driver/Src/stm32f4xx_hal_rcc.o
 .comment       0x0000000000000053       0x54 ./Drivers/STM32F4xx_HAL_Driver/Src/stm32f4xx_hal_tim.o
 .comment       0x0000000000000053       0x54 ./Drivers/STM32F4xx_HAL_Driver/Src/stm32f4xx_hal_tim_ex.o

.debug_frame    0x0000000000000000     0x3278
 .debug_frame   0x0000000000000000      0x254 ./Core/Src/main.o
 .debug_frame   0x0000000000000254      0x138 ./Core/Src/stm32f4xx_hal_msp.o
 .debug_frame   0x000000000000038c      0x120 ./Core/Src/stm32f4xx_it.o
 .debug_frame   0x00000000000004ac       0x58 ./Core/Src/system_stm32f4xx.o
 .debug_frame   0x0000000000000504      0x374 ./Drivers/STM32F4xx_HAL_Driver/Src/stm32f4xx_hal.o
 .debug_frame   0x0000000000000878      0x3fc ./Drivers/STM32F4xx_HAL_Driver/Src/stm32f4xx_hal_adc.o
 .debug_frame   0x0000000000000c74      0x498 ./Drivers/STM32F4xx_HAL_Driver/Src/stm32f4xx_hal_cortex.o
 .debug_frame   0x000000000000110c      0x338 ./Drivers/STM32F4xx_HAL_Driver/Src/stm32f4xx_hal_dac.o
 .debug_frame   0x0000000000001444      0x250 ./Drivers/STM32F4xx_HAL_Driver/Src/stm32f4xx_hal_dma.o
 .debug_frame   0x0000000000001694      0x14c ./Drivers/STM32F4xx_HAL_Driver/Src/stm32f4xx_hal_gpio.o
 .debug_frame   0x00000000000017e0      0x1f0 ./Drivers/STM32F4xx_HAL_Driver/Src/stm32f4xx_hal_rcc.o
 .debug_frame   0x00000000000019d0     0x11c4 ./Drivers/STM32F4xx_HAL_Driver/Src/stm32f4xx_hal_tim.o
 .debug_frame   0x0000000000002b94      0x638 ./Drivers/STM32F4xx_HAL_Driver/Src/stm32f4xx_hal_tim_ex.o
 .debug_frame   0x00000000000031cc       0x2c c:/st/stm32cubeide_1.8.0/stm32cubeide/plugins/com.st.stm32cube.ide.mcu.externaltools.gnu-tools-for-stm32.9-2020-q2-update.win32_2.0.0.202105311346/tools/bin/../lib/gcc/arm-none-eabi/9.3.1/../../../../arm-none-eabi/lib/thumb/v7e-m+fp/hard\libc_nano.a(lib_a-init.o)
 .debug_frame   0x00000000000031f8       0x20 c:/st/stm32cubeide_1.8.0/stm32cubeide/plugins/com.st.stm32cube.ide.mcu.externaltools.gnu-tools-for-stm32.9-2020-q2-update.win32_2.0.0.202105311346/tools/bin/../lib/gcc/arm-none-eabi/9.3.1/../../../../arm-none-eabi/lib/thumb/v7e-m+fp/hard\libc_nano.a(lib_a-memset.o)
 .debug_frame   0x0000000000003218       0x2c c:/st/stm32cubeide_1.8.0/stm32cubeide/plugins/com.st.stm32cube.ide.mcu.externaltools.gnu-tools-for-stm32.9-2020-q2-update.win32_2.0.0.202105311346/tools/bin/../lib/gcc/arm-none-eabi/9.3.1/thumb/v7e-m+fp/hard\libgcc.a(_aeabi_uldivmod.o)
 .debug_frame   0x0000000000003244       0x34 c:/st/stm32cubeide_1.8.0/stm32cubeide/plugins/com.st.stm32cube.ide.mcu.externaltools.gnu-tools-for-stm32.9-2020-q2-update.win32_2.0.0.202105311346/tools/bin/../lib/gcc/arm-none-eabi/9.3.1/thumb/v7e-m+fp/hard\libgcc.a(_udivmoddi4.o)
