main.c:74:6:HAL_GPIO_EXTI_Callback	16	static
main.c:117:5:filtro_l	24	static
main.c:131:5:filtro_r	24	static
main.c:146:5:filtro_pb	24	static
main.c:161:5:filtro_pa	24	static
main.c:180:5:main	8	static
main.c:235:6:SystemClock_Config	88	static
main.c:280:13:MX_ADC1_Init	24	static
main.c:338:13:MX_DAC_Init	16	static
main.c:382:13:MX_TIM1_Init	32	static
main.c:428:13:MX_TIM2_Init	32	static
main.c:473:13:MX_TIM3_Init	64	static
main.c:532:13:MX_TIM4_Init	64	static
main.c:589:13:MX_DMA_Init	16	static
main.c:607:13:MX_GPIO_Init	40	static
main.c:639:6:HAL_TIM_PeriodElapsedCallback	16	static
main.c:653:6:HAL_ADC_ConvCpltCallback	32	static
main.c:723:6:Error_Handler	4	static,ignoring_inline_asm
