main.c:104:5:filtro_l	24	static
main.c:118:5:filtro_r	24	static
main.c:132:5:filtro_pb	24	static
main.c:146:5:filtro_pa	24	static
main.c:165:5:main	8	static
main.c:219:6:SystemClock_Config	88	static
main.c:264:13:MX_ADC1_Init	24	static
main.c:322:13:MX_DAC_Init	16	static
main.c:366:13:MX_TIM2_Init	32	static
main.c:411:13:MX_TIM3_Init	64	static
main.c:470:13:MX_TIM4_Init	64	static
main.c:527:13:MX_DMA_Init	16	static
main.c:545:13:MX_GPIO_Init	16	static
main.c:556:6:HAL_ADC_ConvHalfCpltCallback	16	static
main.c:560:6:HAL_ADC_ConvCpltCallback	32	static
main.c:606:6:Error_Handler	4	static,ignoring_inline_asm
